  Determining projects to restore...
  Restored C:\Users\Administrator\Desktop\Projects\RocketIDE-Build\wp07-verification-376854e\src\RocketIDE.Rocket\RocketIDE.Rocket.csproj (in 114 ms).
  Restored C:\Users\Administrator\Desktop\Projects\RocketIDE-Build\wp07-verification-376854e\src\RocketIDE.Core\RocketIDE.Core.csproj (in 102 ms).
  Restored C:\Users\Administrator\Desktop\Projects\RocketIDE-Build\wp07-verification-376854e\src\RocketIDE.Infrastructure\RocketIDE.Infrastructure.csproj (in 3.69 sec).
  Restored C:\Users\Administrator\Desktop\Projects\RocketIDE-Build\wp07-verification-376854e\tests\RocketIDE.Rocket.Tests\RocketIDE.Rocket.Tests.csproj (in 3.76 sec).
  Restored C:\Users\Administrator\Desktop\Projects\RocketIDE-Build\wp07-verification-376854e\tests\RocketIDE.Core.Tests\RocketIDE.Core.Tests.csproj (in 3.76 sec).
  Restored C:\Users\Administrator\Desktop\Projects\RocketIDE-Build\wp07-verification-376854e\tests\RocketIDE.Infrastructure.Tests\RocketIDE.Infrastructure.Tests.csproj (in 3.76 sec).
  Restored C:\Users\Administrator\Desktop\Projects\RocketIDE-Build\wp07-verification-376854e\src\RocketIDE.Debugger\RocketIDE.Debugger.csproj (in 4.01 sec).
  Restored C:\Users\Administrator\Desktop\Projects\RocketIDE-Build\wp07-verification-376854e\src\RocketIDE.App\RocketIDE.App.csproj (in 4.01 sec).
  Restored C:\Users\Administrator\Desktop\Projects\RocketIDE-Build\wp07-verification-376854e\tests\RocketIDE.Debugger.Tests\RocketIDE.Debugger.Tests.csproj (in 4.01 sec).
  Restored C:\Users\Administrator\Desktop\Projects\RocketIDE-Build\wp07-verification-376854e\tests\RocketIDE.App.Tests\RocketIDE.App.Tests.csproj (in 4.01 sec).
  Determining projects to restore...
  Restored C:\Users\Administrator\Desktop\Projects\RocketIDE-Build\wp07-verification-376854e\src\RocketIDE.Core\RocketIDE.Core.csproj (in 175 ms).
  Restored C:\Users\Administrator\Desktop\Projects\RocketIDE-Build\wp07-verification-376854e\src\RocketIDE.Infrastructure\RocketIDE.Infrastructure.csproj (in 180 ms).
  Restored C:\Users\Administrator\Desktop\Projects\RocketIDE-Build\wp07-verification-376854e\src\RocketIDE.Rocket\RocketIDE.Rocket.csproj (in 180 ms).
  Restored C:\Users\Administrator\Desktop\Projects\RocketIDE-Build\wp07-verification-376854e\src\RocketIDE.Debugger\RocketIDE.Debugger.csproj (in 314 ms).
  Restored C:\Users\Administrator\Desktop\Projects\RocketIDE-Build\wp07-verification-376854e\src\RocketIDE.App\RocketIDE.App.csproj (in 314 ms).
  RocketIDE.Core -> C:\Users\Administrator\Desktop\Projects\RocketIDE-Build\wp07-verification-376854e\src\RocketIDE.Core\bin\Release\net10.0\RocketIDE.Core.dll
  RocketIDE.Infrastructure -> C:\Users\Administrator\Desktop\Projects\RocketIDE-Build\wp07-verification-376854e\src\RocketIDE.Infrastructure\bin\Release\net10.0-windows10.0.19041.0\RocketIDE.Infrastructure.dll
  RocketIDE.Rocket -> C:\Users\Administrator\Desktop\Projects\RocketIDE-Build\wp07-verification-376854e\src\RocketIDE.Rocket\bin\Release\net10.0\RocketIDE.Rocket.dll
  RocketIDE.Core.Tests -> C:\Users\Administrator\Desktop\Projects\RocketIDE-Build\wp07-verification-376854e\tests\RocketIDE.Core.Tests\bin\Release\net10.0\RocketIDE.Core.Tests.dll
  RocketIDE.Debugger -> C:\Users\Administrator\Desktop\Projects\RocketIDE-Build\wp07-verification-376854e\src\RocketIDE.Debugger\bin\Release\net10.0-windows10.0.19041.0\RocketIDE.Debugger.dll
  RocketIDE.Infrastructure.Tests -> C:\Users\Administrator\Desktop\Projects\RocketIDE-Build\wp07-verification-376854e\tests\RocketIDE.Infrastructure.Tests\bin\Release\net10.0-windows10.0.19041.0\RocketIDE.Infrastructure.Tests.dll
  RocketIDE.Rocket.Tests -> C:\Users\Administrator\Desktop\Projects\RocketIDE-Build\wp07-verification-376854e\tests\RocketIDE.Rocket.Tests\bin\Release\net10.0\RocketIDE.Rocket.Tests.dll
  RocketIDE.Debugger.Tests -> C:\Users\Administrator\Desktop\Projects\RocketIDE-Build\wp07-verification-376854e\tests\RocketIDE.Debugger.Tests\bin\Release\net10.0-windows10.0.19041.0\RocketIDE.Debugger.Tests.dll
  RocketIDE.App -> C:\Users\Administrator\Desktop\Projects\RocketIDE-Build\wp07-verification-376854e\src\RocketIDE.App\bin\Release\net10.0-windows10.0.19041.0\RocketIDE.dll
  RocketIDE.App.Tests -> C:\Users\Administrator\Desktop\Projects\RocketIDE-Build\wp07-verification-376854e\tests\RocketIDE.App.Tests\bin\Release\net10.0-windows10.0.19041.0\RocketIDE.App.Tests.dll

Build succeeded.
    0 Warning(s)
    0 Error(s)

Time Elapsed 00:00:11.52
Test run for C:\Users\Administrator\Desktop\Projects\RocketIDE-Build\wp07-verification-376854e\tests\RocketIDE.Core.Tests\bin\Release\net10.0\RocketIDE.Core.Tests.dll (.NETCoreApp,Version=v10.0)
Test run for C:\Users\Administrator\Desktop\Projects\RocketIDE-Build\wp07-verification-376854e\tests\RocketIDE.Rocket.Tests\bin\Release\net10.0\RocketIDE.Rocket.Tests.dll (.NETCoreApp,Version=v10.0)
Test run for C:\Users\Administrator\Desktop\Projects\RocketIDE-Build\wp07-verification-376854e\tests\RocketIDE.Infrastructure.Tests\bin\Release\net10.0-windows10.0.19041.0\RocketIDE.Infrastructure.Tests.dll (.NETCoreApp,Version=v10.0)
Test run for C:\Users\Administrator\Desktop\Projects\RocketIDE-Build\wp07-verification-376854e\tests\RocketIDE.Debugger.Tests\bin\Release\net10.0-windows10.0.19041.0\RocketIDE.Debugger.Tests.dll (.NETCoreApp,Version=v10.0)
Test run for C:\Users\Administrator\Desktop\Projects\RocketIDE-Build\wp07-verification-376854e\tests\RocketIDE.App.Tests\bin\Release\net10.0-windows10.0.19041.0\RocketIDE.App.Tests.dll (.NETCoreApp,Version=v10.0)
A total of 1 test files matched the specified pattern.
A total of 1 test files matched the specified pattern.
A total of 1 test files matched the specified pattern.
A total of 1 test files matched the specified pattern.
A total of 1 test files matched the specified pattern.

Passed!  - Failed:     0, Passed:    40, Skipped:     0, Total:    40, Duration: 106 ms - RocketIDE.Core.Tests.dll (net10.0)

Passed!  - Failed:     0, Passed:   147, Skipped:     0, Total:   147, Duration: 686 ms - RocketIDE.Rocket.Tests.dll (net10.0)

Passed!  - Failed:     0, Passed:    63, Skipped:     0, Total:    63, Duration: 2 s - RocketIDE.Infrastructure.Tests.dll (net10.0)

Passed!  - Failed:     0, Passed:    41, Skipped:     0, Total:    41, Duration: 3 s - RocketIDE.Debugger.Tests.dll (net10.0)

Passed!  - Failed:     0, Passed:   223, Skipped:     0, Total:   223, Duration: 2 s - RocketIDE.App.Tests.dll (net10.0)
  RocketIDE.Core -> C:\Users\Administrator\Desktop\Projects\RocketIDE-Build\wp07-verification-376854e\src\RocketIDE.Core\bin\Release\net10.0\RocketIDE.Core.dll
  RocketIDE.Debugger -> C:\Users\Administrator\Desktop\Projects\RocketIDE-Build\wp07-verification-376854e\src\RocketIDE.Debugger\bin\Release\net10.0-windows10.0.19041.0\RocketIDE.Debugger.dll
  RocketIDE.Infrastructure -> C:\Users\Administrator\Desktop\Projects\RocketIDE-Build\wp07-verification-376854e\src\RocketIDE.Infrastructure\bin\Release\net10.0-windows10.0.19041.0\RocketIDE.Infrastructure.dll
  RocketIDE.Rocket -> C:\Users\Administrator\Desktop\Projects\RocketIDE-Build\wp07-verification-376854e\src\RocketIDE.Rocket\bin\Release\net10.0\RocketIDE.Rocket.dll
  RocketIDE.App -> C:\Users\Administrator\Desktop\Projects\RocketIDE-Build\wp07-verification-376854e\src\RocketIDE.App\bin\Release\net10.0-windows10.0.19041.0\win-x64\RocketIDE.dll
  RocketIDE.App -> C:\Users\Administrator\Desktop\Projects\RocketIDE-Build\wp07-verification-376854e\artifacts\verify-win-x64\
