Test project C:/Users/Administrator/Desktop/Projects/RocketIDE-Build/rocket-bug003/out/build/bug003
    Start 14: language_server_incremental
1/1 Test #14: language_server_incremental ......***Failed   43.51 sec
BENCH one file warm {"id":"work","jsonrpc":"2.0","result":{"analysisPending":false,"bytes":32,"cancelledGenerations":0,"coalescedGenerations":0,"completedGenerations":2,"discoveryCacheHits":1,"discoveryCacheMisses":1,"elapsedMilliseconds":0,"failedGenerations":0,"files":1,"generation":2,"invalidatedFiles":1,"maximumProjectBytes":67108864,"maximumProjectFiles":4096,"parsedCacheEntries":1,"reparsedFiles":1,"requestedGeneration":2,"semanticallyAnalyzedFiles":1,"staleGenerations":0,"startedGenerations":2,"symbols":2}}
FAIL: one file: workspace symbols equal clean full
FAIL: ordinary package: workspace symbols equal clean full
FAIL: unrelated modules: workspace symbols equal clean full
FAIL: deep chain: workspace symbols equal clean full
FAIL: fan in and out: workspace symbols equal clean full
BENCH public interface warm {"id":"strict-work","jsonrpc":"2.0","result":{"analysisPending":false,"bytes":99,"cancelledGenerations":0,"coalescedGenerations":0,"completedGenerations":3,"discoveryCacheHits":2,"discoveryCacheMisses":1,"elapsedMilliseconds":1,"failedGenerations":0,"files":2,"generation":3,"invalidatedFiles":1,"maximumProjectBytes":67108864,"maximumProjectFiles":4096,"parsedCacheEntries":2,"reparsedFiles":1,"requestedGeneration":3,"semanticallyAnalyzedFiles":3,"staleGenerations":0,"startedGenerations":3,"symbols":3}}
FAIL: public interface: workspace symbols equal clean full
BENCH private body warm {"id":"strict-work","jsonrpc":"2.0","result":{"analysisPending":false,"bytes":135,"cancelledGenerations":0,"coalescedGenerations":0,"completedGenerations":3,"discoveryCacheHits":2,"discoveryCacheMisses":1,"elapsedMilliseconds":1,"failedGenerations":0,"files":2,"generation":3,"invalidatedFiles":1,"maximumProjectBytes":67108864,"maximumProjectFiles":4096,"parsedCacheEntries":2,"reparsedFiles":1,"requestedGeneration":3,"semanticallyAnalyzedFiles":1,"staleGenerations":0,"startedGenerations":3,"symbols":6}}
FAIL: private body: workspace symbols equal clean full
BENCH public body stable signature warm {"id":"strict-work","jsonrpc":"2.0","result":{"analysisPending":false,"bytes":95,"cancelledGenerations":0,"coalescedGenerations":0,"completedGenerations":3,"discoveryCacheHits":2,"discoveryCacheMisses":1,"elapsedMilliseconds":0,"failedGenerations":0,"files":2,"generation":3,"invalidatedFiles":1,"maximumProjectBytes":67108864,"maximumProjectFiles":4096,"parsedCacheEntries":2,"reparsedFiles":1,"requestedGeneration":3,"semanticallyAnalyzedFiles":1,"staleGenerations":0,"startedGenerations":3,"symbols":4}}
FAIL: public body stable signature: workspace symbols equal clean full
BENCH public generic body warm {"id":"strict-work","jsonrpc":"2.0","result":{"analysisPending":false,"bytes":131,"cancelledGenerations":0,"coalescedGenerations":0,"completedGenerations":3,"discoveryCacheHits":2,"discoveryCacheMisses":1,"elapsedMilliseconds":1,"failedGenerations":0,"files":2,"generation":3,"invalidatedFiles":1,"maximumProjectBytes":67108864,"maximumProjectFiles":4096,"parsedCacheEntries":2,"reparsedFiles":1,"requestedGeneration":3,"semanticallyAnalyzedFiles":3,"staleGenerations":0,"startedGenerations":3,"symbols":5}}
FAIL: public generic body: workspace symbols equal clean full
BENCH private body adds local warm {"id":"strict-work","jsonrpc":"2.0","result":{"analysisPending":false,"bytes":157,"cancelledGenerations":0,"coalescedGenerations":0,"completedGenerations":3,"discoveryCacheHits":2,"discoveryCacheMisses":1,"elapsedMilliseconds":1,"failedGenerations":0,"files":2,"generation":3,"invalidatedFiles":1,"maximumProjectBytes":67108864,"maximumProjectFiles":4096,"parsedCacheEntries":2,"reparsedFiles":1,"requestedGeneration":3,"semanticallyAnalyzedFiles":2,"staleGenerations":0,"startedGenerations":3,"symbols":7}}
FAIL: private body adds local: workspace symbols equal clean full
BENCH reference order warm {"id":"strict-work","jsonrpc":"2.0","result":{"analysisPending":false,"bytes":192,"cancelledGenerations":0,"coalescedGenerations":0,"completedGenerations":4,"discoveryCacheHits":3,"discoveryCacheMisses":1,"elapsedMilliseconds":1,"failedGenerations":0,"files":3,"generation":4,"invalidatedFiles":1,"maximumProjectBytes":67108864,"maximumProjectFiles":4096,"parsedCacheEntries":3,"reparsedFiles":1,"requestedGeneration":4,"semanticallyAnalyzedFiles":3,"staleGenerations":0,"startedGenerations":4,"symbols":7}}
FAIL: reference order: workspace symbols equal clean full
BENCH public signature change warm {"id":"strict-work","jsonrpc":"2.0","result":{"analysisPending":false,"bytes":101,"cancelledGenerations":0,"coalescedGenerations":0,"completedGenerations":3,"discoveryCacheHits":2,"discoveryCacheMisses":1,"elapsedMilliseconds":1,"failedGenerations":0,"files":2,"generation":3,"invalidatedFiles":1,"maximumProjectBytes":67108864,"maximumProjectFiles":4096,"parsedCacheEntries":2,"reparsedFiles":1,"requestedGeneration":3,"semanticallyAnalyzedFiles":3,"staleGenerations":0,"startedGenerations":3,"symbols":4}}
FAIL: public signature change: workspace symbols equal clean full
BENCH export added warm {"id":"strict-work","jsonrpc":"2.0","result":{"analysisPending":false,"bytes":95,"cancelledGenerations":0,"coalescedGenerations":0,"completedGenerations":3,"discoveryCacheHits":2,"discoveryCacheMisses":1,"elapsedMilliseconds":1,"failedGenerations":0,"files":2,"generation":3,"invalidatedFiles":1,"maximumProjectBytes":67108864,"maximumProjectFiles":4096,"parsedCacheEntries":2,"reparsedFiles":1,"requestedGeneration":3,"semanticallyAnalyzedFiles":3,"staleGenerations":0,"startedGenerations":3,"symbols":4}}
FAIL: export added: workspace symbols equal clean full
BENCH export removed warm {"id":"strict-work","jsonrpc":"2.0","result":{"analysisPending":false,"bytes":91,"cancelledGenerations":0,"coalescedGenerations":0,"completedGenerations":3,"discoveryCacheHits":2,"discoveryCacheMisses":1,"elapsedMilliseconds":0,"failedGenerations":0,"files":2,"generation":3,"invalidatedFiles":1,"maximumProjectBytes":67108864,"maximumProjectFiles":4096,"parsedCacheEntries":2,"reparsedFiles":1,"requestedGeneration":3,"semanticallyAnalyzedFiles":1,"staleGenerations":0,"startedGenerations":3,"symbols":3}}
FAIL: export removed: workspace symbols equal clean full
BENCH exported struct shape warm {"id":"strict-work","jsonrpc":"2.0","result":{"analysisPending":false,"bytes":78,"cancelledGenerations":0,"coalescedGenerations":0,"completedGenerations":3,"discoveryCacheHits":2,"discoveryCacheMisses":1,"elapsedMilliseconds":0,"failedGenerations":0,"files":2,"generation":3,"invalidatedFiles":1,"maximumProjectBytes":67108864,"maximumProjectFiles":4096,"parsedCacheEntries":2,"reparsedFiles":1,"requestedGeneration":3,"semanticallyAnalyzedFiles":3,"staleGenerations":0,"startedGenerations":3,"symbols":6}}
FAIL: exported struct shape: workspace symbols equal clean full
BENCH exported enum shape warm {"id":"strict-work","jsonrpc":"2.0","result":{"analysisPending":false,"bytes":88,"cancelledGenerations":0,"coalescedGenerations":0,"completedGenerations":3,"discoveryCacheHits":2,"discoveryCacheMisses":1,"elapsedMilliseconds":1,"failedGenerations":0,"files":2,"generation":3,"invalidatedFiles":1,"maximumProjectBytes":67108864,"maximumProjectFiles":4096,"parsedCacheEntries":2,"reparsedFiles":1,"requestedGeneration":3,"semanticallyAnalyzedFiles":3,"staleGenerations":0,"startedGenerations":3,"symbols":8}}
FAIL: exported enum shape: workspace symbols equal clean full
BENCH four-module private chain warm {"id":"strict-work","jsonrpc":"2.0","result":{"analysisPending":false,"bytes":191,"cancelledGenerations":0,"coalescedGenerations":0,"completedGenerations":5,"discoveryCacheHits":4,"discoveryCacheMisses":1,"elapsedMilliseconds":0,"failedGenerations":0,"files":4,"generation":5,"invalidatedFiles":1,"maximumProjectBytes":67108864,"maximumProjectFiles":4096,"parsedCacheEntries":4,"reparsedFiles":1,"requestedGeneration":5,"semanticallyAnalyzedFiles":1,"staleGenerations":0,"startedGenerations":5,"symbols":8}}
FAIL: four-module private chain: workspace symbols equal clean full
BENCH four-module local chain warm {"id":"strict-work","jsonrpc":"2.0","result":{"analysisPending":false,"bytes":213,"cancelledGenerations":0,"coalescedGenerations":0,"completedGenerations":5,"discoveryCacheHits":4,"discoveryCacheMisses":1,"elapsedMilliseconds":1,"failedGenerations":0,"files":4,"generation":5,"invalidatedFiles":1,"maximumProjectBytes":67108864,"maximumProjectFiles":4096,"parsedCacheEntries":4,"reparsedFiles":1,"requestedGeneration":5,"semanticallyAnalyzedFiles":2,"staleGenerations":0,"startedGenerations":5,"symbols":9}}
FAIL: four-module local chain: workspace symbols equal clean full
BENCH four-module public chain warm {"id":"strict-work","jsonrpc":"2.0","result":{"analysisPending":false,"bytes":195,"cancelledGenerations":0,"coalescedGenerations":0,"completedGenerations":5,"discoveryCacheHits":4,"discoveryCacheMisses":1,"elapsedMilliseconds":1,"failedGenerations":0,"files":4,"generation":5,"invalidatedFiles":1,"maximumProjectBytes":67108864,"maximumProjectFiles":4096,"parsedCacheEntries":4,"reparsedFiles":1,"requestedGeneration":5,"semanticallyAnalyzedFiles":10,"staleGenerations":0,"startedGenerations":5,"symbols":5}}
FAIL: four-module public chain: workspace symbols equal clean full
BENCH fan in private branch warm {"id":"strict-work","jsonrpc":"2.0","result":{"analysisPending":false,"bytes":223,"cancelledGenerations":0,"coalescedGenerations":0,"completedGenerations":5,"discoveryCacheHits":4,"discoveryCacheMisses":1,"elapsedMilliseconds":0,"failedGenerations":0,"files":4,"generation":5,"invalidatedFiles":1,"maximumProjectBytes":67108864,"maximumProjectFiles":4096,"parsedCacheEntries":4,"reparsedFiles":1,"requestedGeneration":5,"semanticallyAnalyzedFiles":1,"staleGenerations":0,"startedGenerations":5,"symbols":8}}
FAIL: fan in private branch: workspace symbols equal clean full
BENCH fan out private body warm {"id":"strict-work","jsonrpc":"2.0","result":{"analysisPending":false,"bytes":508,"cancelledGenerations":0,"coalescedGenerations":0,"completedGenerations":10,"discoveryCacheHits":9,"discoveryCacheMisses":1,"elapsedMilliseconds":0,"failedGenerations":0,"files":9,"generation":10,"invalidatedFiles":1,"maximumProjectBytes":67108864,"maximumProjectFiles":4096,"parsedCacheEntries":9,"reparsedFiles":1,"requestedGeneration":10,"semanticallyAnalyzedFiles":1,"staleGenerations":0,"startedGenerations":10,"symbols":11}}
FAIL: fan out private body: workspace symbols equal clean full
BENCH fan out local body warm {"id":"strict-work","jsonrpc":"2.0","result":{"analysisPending":false,"bytes":530,"cancelledGenerations":0,"coalescedGenerations":0,"completedGenerations":10,"discoveryCacheHits":9,"discoveryCacheMisses":1,"elapsedMilliseconds":2,"failedGenerations":0,"files":9,"generation":10,"invalidatedFiles":1,"maximumProjectBytes":67108864,"maximumProjectFiles":4096,"parsedCacheEntries":9,"reparsedFiles":1,"requestedGeneration":10,"semanticallyAnalyzedFiles":2,"staleGenerations":0,"startedGenerations":10,"symbols":12}}
FAIL: fan out local body: workspace symbols equal clean full
BENCH fan out public interface warm {"id":"strict-work","jsonrpc":"2.0","result":{"analysisPending":false,"bytes":512,"cancelledGenerations":0,"coalescedGenerations":0,"completedGenerations":10,"discoveryCacheHits":9,"discoveryCacheMisses":1,"elapsedMilliseconds":5,"failedGenerations":0,"files":9,"generation":10,"invalidatedFiles":1,"maximumProjectBytes":67108864,"maximumProjectFiles":4096,"parsedCacheEntries":9,"reparsedFiles":1,"requestedGeneration":10,"semanticallyAnalyzedFiles":17,"staleGenerations":0,"startedGenerations":10,"symbols":10}}
FAIL: fan out public interface: workspace symbols equal clean full
FAIL: import edit: workspace symbols equal clean full
FAIL: manifest edit symbols equal clean full
FAIL: burst final diagnostics and symbols equal clean full
FAIL: bare Unit return: workspace symbols equal clean full
BENCH many unrelated modules warm {"id":"work","jsonrpc":"2.0","result":{"analysisPending":false,"bytes":1536,"cancelledGenerations":0,"coalescedGenerations":0,"completedGenerations":49,"discoveryCacheHits":48,"discoveryCacheMisses":1,"elapsedMilliseconds":3,"failedGenerations":0,"files":48,"generation":49,"invalidatedFiles":1,"maximumProjectBytes":67108864,"maximumProjectFiles":4096,"parsedCacheEntries":48,"reparsedFiles":1,"requestedGeneration":49,"semanticallyAnalyzedFiles":1,"staleGenerations":0,"startedGenerations":49,"symbols":49}}
FAIL: many unrelated modules: workspace symbols equal clean full
BENCH 239-file private body warm {"id":"large-work","jsonrpc":"2.0","result":{"analysisPending":false,"bytes":8644,"cancelledGenerations":29,"coalescedGenerations":209,"completedGenerations":2,"discoveryCacheHits":30,"discoveryCacheMisses":1,"elapsedMilliseconds":5,"failedGenerations":0,"files":239,"generation":240,"invalidatedFiles":1,"maximumProjectBytes":67108864,"maximumProjectFiles":4096,"parsedCacheEntries":239,"reparsedFiles":1,"requestedGeneration":240,"semanticallyAnalyzedFiles":1,"staleGenerations":29,"startedGenerations":31,"symbols":241}}
FAIL: 239-file symbols equal clean full
BENCH unopened dependency warm {"id":"unopened-work","jsonrpc":"2.0","result":{"analysisPending":false,"bytes":97,"cancelledGenerations":0,"coalescedGenerations":0,"completedGenerations":3,"discoveryCacheHits":2,"discoveryCacheMisses":1,"elapsedMilliseconds":14,"failedGenerations":0,"files":2,"generation":3,"invalidatedFiles":1,"maximumProjectBytes":67108864,"maximumProjectFiles":4096,"parsedCacheEntries":2,"reparsedFiles":1,"requestedGeneration":3,"semanticallyAnalyzedFiles":1,"staleGenerations":0,"startedGenerations":3,"symbols":4}}
FAIL: unopened dependency diagnostics and symbols equal clean full
FAIL: rootless watched imported file matches clean full analysis
BENCH large cold {"id":"cold","jsonrpc":"2.0","result":{"analysisPending":false,"bytes":581431,"cancelledGenerations":0,"coalescedGenerations":0,"completedGenerations":1,"discoveryCacheHits":0,"discoveryCacheMisses":1,"elapsedMilliseconds":15853,"failedGenerations":0,"files":1,"generation":1,"invalidatedFiles":1,"maximumProjectBytes":67108864,"maximumProjectFiles":4096,"parsedCacheEntries":1,"reparsedFiles":1,"requestedGeneration":1,"semanticallyAnalyzedFiles":1,"staleGenerations":0,"startedGenerations":1,"symbols":4174}}
BENCH large unrelated source warm {"id":"work","jsonrpc":"2.0","result":{"analysisPending":false,"bytes":581462,"cancelledGenerations":0,"coalescedGenerations":0,"completedGenerations":3,"discoveryCacheHits":2,"discoveryCacheMisses":1,"elapsedMilliseconds":134,"failedGenerations":0,"files":2,"generation":3,"invalidatedFiles":1,"maximumProjectBytes":67108864,"maximumProjectFiles":4096,"parsedCacheEntries":2,"reparsedFiles":1,"requestedGeneration":3,"semanticallyAnalyzedFiles":1,"staleGenerations":0,"startedGenerations":3,"symbols":4175}}
FAIL: large unrelated source: workspace symbols equal clean full


0% tests passed, 1 tests failed out of 1

Total Test time (real) =  43.62 sec

The following tests FAILED:
	 14 - language_server_incremental (Failed)
Errors while running CTest
