-- The C compiler identification is MSVC 19.51.36260.0
-- The CXX compiler identification is MSVC 19.51.36260.0
-- Detecting C compiler ABI info
-- Detecting C compiler ABI info - done
-- Check for working C compiler: C:/Program Files/Microsoft Visual Studio/18/Community/VC/Tools/MSVC/14.51.36231/bin/HostX64/x64/cl.exe - skipped
-- Detecting C compile features
-- Detecting C compile features - done
-- Detecting CXX compiler ABI info
-- Detecting CXX compiler ABI info - done
-- Check for working CXX compiler: C:/Program Files/Microsoft Visual Studio/18/Community/VC/Tools/MSVC/14.51.36231/bin/HostX64/x64/cl.exe - skipped
-- Detecting CXX compile features
-- Detecting CXX compile features - done
-- Rocket native target: windows-x64
-- Could NOT find LibXml2 (missing: LIBXML2_LIBRARY LIBXML2_INCLUDE_DIR) 
-- Performing Test COMPILER_HAS_THOSE_TOGGLES
-- Performing Test COMPILER_HAS_THOSE_TOGGLES - Failed
-- Testing if -Werror=pointer-arith can be used -- Failed
-- Testing if -Werror=implicit-function-declaration can be used -- Failed
-- Testing if -fno-strict-aliasing can be used -- Failed
-- Using raylib's GLFW
-- Performing Test CMAKE_HAVE_LIBC_PTHREAD
-- Performing Test CMAKE_HAVE_LIBC_PTHREAD - Failed
-- Looking for pthread_create in pthreads
-- Looking for pthread_create in pthreads - not found
-- Looking for pthread_create in pthread
-- Looking for pthread_create in pthread - not found
-- Found Threads: TRUE
-- Including Win32 support
-- Audio Backend: miniaudio
-- Building raylib static library
-- SUPPORT_MODULE_RSHAPES=ON
-- SUPPORT_MODULE_RTEXTURES=ON
-- SUPPORT_MODULE_RTEXT=ON
-- SUPPORT_MODULE_RAUDIO=ON
-- SUPPORT_TRACELOG=ON
-- SUPPORT_CAMERA_SYSTEM=ON
-- SUPPORT_GESTURES_SYSTEM=ON
-- SUPPORT_RPRAND_GENERATOR=ON
-- SUPPORT_MOUSE_GESTURES=ON
-- SUPPORT_SSH_KEYBOARD_RPI=ON
-- SUPPORT_WINMM_HIGHRES_TIMER=ON
-- SUPPORT_BUSY_WAIT_LOOP=ON
-- SUPPORT_PARTIALBUSY_WAIT_LOOP=ON
-- SUPPORT_CUSTOM_FRAME_CONTROL=ON
-- SUPPORT_QUADS_DRAW_MODE=ON
-- SUPPORT_FILEFORMAT_PNG=ON
-- SUPPORT_FILEFORMAT_BMP=ON
-- SUPPORT_FILEFORMAT_JPG=ON
-- SUPPORT_FILEFORMAT_PNM=ON
-- SUPPORT_IMAGE_EXPORT=ON
-- SUPPORT_FILEFORMAT_TTF=ON
-- SUPPORT_FILEFORMAT_FNT=ON
-- SUPPORT_FILEFORMAT_WAV=ON
-- SUPPORT_FILEFORMAT_OGG=ON
-- SUPPORT_FILEFORMAT_MP3=ON
-- SUPPORT_FILEFORMAT_QOA=ON
-- Generated build type: Release
-- Compiling with the flags:
--   PLATFORM=PLATFORM_DESKTOP
--   GRAPHICS=GRAPHICS_API_OPENGL_33
-- LLVM 22.1.6 found; enabling the scalar production backend
-- Found Python3: C:/msys64/mingw64/bin/python3.12.exe (found suitable version "3.12.11", minimum required is "3.11") found components: Interpreter
-- Configuring done (4.1s)
-- Generating done (0.2s)
-- Build files have been written to: C:/Users/Administrator/Desktop/Projects/RocketIDE-Build/rocket-wp06-prerequisite/out/build/wp06-llvm
