0.392s STATE SupportsScripting: NoTarget, busy=False
0.401s STATE SymbolPath: NoTarget, busy=False
0.401s STATE SourcePath: NoTarget, busy=False
0.615s STATE InitialBreak: NoTarget, busy=False
0.615s STATE PreferDML: NoTarget, busy=False
0.648s STATE TargetType: NoTarget, busy=False
0.649s STATE ConnectionState: NoTarget, busy=False
0.649s STATE EngineBusy: NoTarget, busy=True
0.649s STATE RunningState: Running, busy=True
0.993s STATE RunningState: Stopped, busy=True
0.995s STATE EngineBusy: Stopped, busy=False
0.996s STATE EffectiveProcessorArchitecture: Stopped, busy=False
0.996s STATE ActualProcessorArchitecture: Stopped, busy=False
0.998s REFRESH Memory, Registers, DebuggerState, Scope, ConnectionState, Modules Stopped
0.998s STATE EngineBusy: Stopped, busy=True
0.999s STATE PreferDML: Stopped, busy=True
0.999s STATE EngineBusy: Stopped, busy=False
0.999s STATE EngineBusy: Stopped, busy=True
1.000s STATE EngineBusy: Stopped, busy=False
1.000s REFRESH DebuggerState Stopped
1.000s BEFORE .expr /s masm
1.002s REFRESH DebuggerState Stopped
1.002s Current expression evaluator: MASM - Microsoft Assembler expressions

1.002s AFTER .expr /s masm: Stopped
1.002s BEFORE .lines -e
1.003s Line number information will be loaded

1.003s REFRESH DebuggerState Stopped
1.003s AFTER .lines -e: Stopped
1.003s BEFORE l+t
1.003s Source options are 1:
     1/t - Step/trace by source line

1.003s REFRESH DebuggerState Stopped
1.003s AFTER l+t: Stopped
1.003s BEFORE ld main
1.019s *** WARNING: Unable to verify checksum for main.exe
Symbols loaded for main

1.019s REFRESH DebuggerState, Modules Stopped
1.019s AFTER ld main: Stopped
1.019s BEFORE bp `main.rocket:9`
1.019s REFRESH DebuggerState, Breakpoints Stopped
1.019s 
1.019s AFTER bp `main.rocket:9`: Stopped
1.020s BEFORE g
1.020s STATE RunningState: Running, busy=False
1.020s STATE EngineBusy: Running, busy=True
1.020s 
1.020s AFTER g: Running
1.020s BEFORE |
1.022s STATE RunningState: Stopped, busy=True
1.024s STATE EngineBusy: Stopped, busy=False
1.024s REFRESH Memory, Registers, DebuggerState, Scope Stopped
1.024s .  0	id: 1998	create	name: main.exe

1.025s AFTER |: Stopped
1.025s BEFORE p
1.025s STATE RunningState: Running, busy=False
1.025s STATE EngineBusy: Running, busy=True
1.025s 
1.025s AFTER p: Running
1.025s BEFORE |
1.026s STATE RunningState: Stopped, busy=True
1.026s STATE EngineBusy: Stopped, busy=False
1.026s .  0	id: 1998	create	name: main.exe

1.026s AFTER |: Stopped
1.026s BEFORE g
1.026s REFRESH Memory, Registers, DebuggerState, Scope Stopped
1.026s STATE RunningState: Running, busy=False
1.026s STATE EngineBusy: Running, busy=True
1.026s 
1.026s AFTER g: Running
4.034s THREE SECOND RUN: Running
4.040s STATE RunningState: Stopped, busy=True
4.041s STATE EngineBusy: Stopped, busy=False
4.041s .  0	id: 1998	create	name: main.exe

4.041s REFRESH Memory, Registers, DebuggerState, Scope Stopped
