0.169s STATE Launching: Launching Rocket debug target…
1.057s STATE Running: Rocket debugger: continue…
1.091s STATE Stopped: Rocket debug target stopped.
1.095s EVALUATE RocketDebugEvaluation { Expression = seed, Value = int64 0n21, IsAvailable = True }
1.098s STATE Running: Rocket debugger: continue…
1.102s STATE Stopped: Rocket debug target stopped.
1.103s AT CURSOR RocketDebugEvaluation { Expression = answer, Value = int64 0n42, IsAvailable = True }
1.103s BREAKPOINT TABLE  0 e 00007ff6`aa25107f [rocket:\source\main.rocket @ 9]    0001 (0001)  0:**** main!main+0x3f

1.104s STATE Running: Rocket debugger: continue…
4.121s STATE Stopped: Rocket debug target stopped.
4.127s THREAD0 FRAMES 9
4.128s STATE Running: Rocket debugger: continue…
4.444s STATE Stopped: Rocket debug target stopped.
4.444s BREAKPOINT TABLE AFTER PAUSE  0 e 00007ff6`aa25107f [rocket:\source\main.rocket @ 9]    0001 (0001)  0:**** main!main+0x3f

4.446s STATE Terminating: Debugger: stopping…
4.811s STATE Terminated: Rocket debug session stopped.
4.811s STOP completed in 367ms; temp=False
4.823s STATE Launching: Launching Rocket debug target…
5.621s STATE Running: Rocket debugger: continue…
5.639s STATE Stopped: Rocket debug target stopped.
5.639s EVALUATE RocketDebugEvaluation { Expression = seed, Value = int64 0n21, IsAvailable = True }
5.640s STATE Running: Rocket debugger: continue…
5.642s STATE Stopped: Rocket debug target stopped.
5.643s AT CURSOR RocketDebugEvaluation { Expression = answer, Value = int64 0n42, IsAvailable = True }
5.643s BREAKPOINT TABLE  0 e 00007ff6`aa25107f [rocket:\source\main.rocket @ 9]    0001 (0001)  0:**** main!main+0x3f

5.643s STATE Running: Rocket debugger: continue…
8.650s STATE Stopped: Rocket debug target stopped.
8.655s THREAD0 FRAMES 9
8.655s STATE Running: Rocket debugger: continue…
8.964s STATE Stopped: Rocket debug target stopped.
8.965s BREAKPOINT TABLE AFTER PAUSE  0 e 00007ff6`aa25107f [rocket:\source\main.rocket @ 9]    0001 (0001)  0:**** main!main+0x3f

8.965s STATE Terminating: Debugger: stopping…
9.324s STATE Terminated: Rocket debug session stopped.
9.324s STOP completed in 359ms; temp=False
9.324s NATIVE WORKFLOW PASS
