[1/26] Building CXX object CMakeFiles\rocketc_core.dir\src\target.cpp.obj
[2/26] Building CXX object CMakeFiles\rocketc_core.dir\src\toolchain.cpp.obj
C:\Users\Administrator\Desktop\Projects\RocketIDE-Build\rocket-wp06-prerequisite\src\toolchain.cpp(162): warning C4996: 'std::filesystem::u8path': warning STL4021: The std::filesystem::u8path() overloads are deprecated in C++20. The constructors of std::filesystem::path provide equivalent functionality via construction from u8string, u8string_view, or iterators with value_type char8_t. You can define _SILENCE_CXX20_U8PATH_DEPRECATION_WARNING or _SILENCE_ALL_CXX20_DEPRECATION_WARNINGS to suppress this warning.
[3/26] Building CXX object CMakeFiles\rocketc_core.dir\src\lexer.cpp.obj
[4/26] Building CXX object CMakeFiles\rocketc_core.dir\src\ast_clone.cpp.obj
[5/26] Building CXX object CMakeFiles\rocketc_core.dir\src\parser.cpp.obj
[6/26] Building CXX object CMakeFiles\rocketc_core.dir\src\workspace_state.cpp.obj
[7/26] Building CXX object CMakeFiles\rocketc_core.dir\src\dependency_graph.cpp.obj
[8/26] Building CXX object CMakeFiles\rocketc_core.dir\src\document_structure.cpp.obj
[9/26] Building CXX object CMakeFiles\rocketc_core.dir\src\module_loader.cpp.obj
[10/26] Building CXX object CMakeFiles\rocketc_core.dir\src\formatter.cpp.obj
[11/26] Building CXX object CMakeFiles\rocketc_core.dir\src\language_server.cpp.obj
[12/26] Building CXX object CMakeFiles\rocketc_core.dir\src\package.cpp.obj
[13/26] Building CXX object CMakeFiles\rocketc_core.dir\src\package_docs.cpp.obj
[14/26] Building CXX object CMakeFiles\rocketc_core.dir\src\package_registry.cpp.obj
[15/26] Building CXX object CMakeFiles\rocketc_core.dir\src\package_git.cpp.obj
[16/26] Building CXX object CMakeFiles\rocketc_core.dir\src\type.cpp.obj
[17/26] Building CXX object CMakeFiles\rocketc_core.dir\src\native.cpp.obj
[18/26] Building CXX object CMakeFiles\rocketc_core.dir\src\sema.cpp.obj
[19/26] Building CXX object CMakeFiles\rocketc_core.dir\src\mir.cpp.obj
[20/26] Building CXX object CMakeFiles\rocketc_core.dir\src\codegen.cpp.obj
[21/26] Building CXX object CMakeFiles\rocket_lsp.dir\src\language_server_main.cpp.obj
[22/26] Building CXX object CMakeFiles\rocketc_language_server_incremental_tests.dir\tests\language_server_incremental_tests.cpp.obj
[23/26] Building CXX object CMakeFiles\rocketc_core.dir\src\hir.cpp.obj
[24/26] Linking CXX static library rocketc_core.lib
[25/26] Linking CXX executable rocket-lsp.exe
[26/26] Linking CXX executable rocketc_language_server_incremental_tests.exe
